// Jest Snapshot v1, https://goo.gl/fbAQLP

exports[`Form should match the snapshot 1`] = `
<form
  className="form"
>
  <input
    className="form-input"
    name="url"
    onChange={[Function]}
    placeholder="Image URL"
    type="text"
    value=""
  />
  <input
    className="form-input"
    name="name"
    onChange={[Function]}
    placeholder="Name"
    type="text"
    value=""
  />
  <input
    className="form-input"
    name="description"
    onChange={[Function]}
    placeholder="Description"
    type="text"
    value=""
  />
  <input
    className="form-input"
    name="price"
    onChange={[Function]}
    placeholder="Price"
    type="number"
    value=""
  />
  <button
    className="form-button"
    onClick={[Function]}
    type="submit"
  >
    Add Purchase
  </button>
</form>
`;
