// Jest Snapshot v1, https://goo.gl/fbAQLP

exports[`App should match the snapshot with the default data 1`] = `
<div
  className="App"
>
  <header>
    <h1
      className="app-title"
    >
      My Order History
    </h1>
    <div
      className="purchase-form"
    >
      <Form
        postNewPurchase={[Function]}
      />
    </div>
  </header>
  <Container
    purchases={Array []}
  />
</div>
`;
